// Jest Snapshot v1, https://goo.gl/fbAQLP

exports[`Error View Component Display Error Message 1`] = `
<div
  style="color: red;"
>
  Error Message
</div>
`;

exports[`Error View Component Show Something went wrong... as default 1`] = `
<div>
  Something went wrong...
</div>
`;

exports[`Error View Component Test using asFragment for first render check 1`] = `
"Snapshot Diff:
Compared values have no visual difference."
`;
