// Jest Snapshot v1, https://goo.gl/fbAQLP

exports[`HelloWorld View Component Show Hello World text 1`] = `
<h2>
  Hello World!!
</h2>
`;
